{"timestamp": "2026-10-01T17:49:45.011893+00:00", "record_id": "C001", "channel": "email", "result": "DRAFT_PREPARED", "detail": "Local draft payload written; no account or delivery used."}
{"timestamp": "2026-10-01T17:49:45.011893+00:00", "record_id": "C001", "channel": "whatsapp", "result": "SIMULATED_ONLY", "detail": "WhatsApp draft payload only; no WhatsApp API call or delivery."}
{"timestamp": "2026-10-01T17:49:45.011893+00:00", "record_id": "C002", "channel": "email", "result": "DRAFT_PREPARED", "detail": "Local draft payload written; no account or delivery used."}
{"timestamp": "2026-10-01T17:49:45.011893+00:00", "record_id": "C002", "channel": "whatsapp", "result": "SIMULATED_ONLY", "detail": "WhatsApp draft payload only; no WhatsApp API call or delivery."}
{"timestamp": "2026-10-01T17:49:45.011893+00:00", "record_id": "C003", "channel": "email", "result": "DRAFT_PREPARED", "detail": "Local draft payload written; no account or delivery used."}
{"timestamp": "2026-10-01T17:49:45.011893+00:00", "record_id": "C003", "channel": "whatsapp", "result": "SIMULATED_ONLY", "detail": "WhatsApp draft payload only; no WhatsApp API call or delivery."}
{"timestamp": "2026-10-01T17:49:45.011893+00:00", "record_id": "C004", "channel": "email", "result": "DRAFT_PREPARED", "detail": "Local draft payload written; no account or delivery used."}
{"timestamp": "2026-10-01T17:49:45.011893+00:00", "record_id": "C004", "channel": "whatsapp", "result": "SIMULATED_ONLY", "detail": "WhatsApp draft payload only; no WhatsApp API call or delivery."}
{"timestamp": "2026-10-01T17:49:45.011893+00:00", "record_id": "C005", "channel": "email", "result": "DRAFT_PREPARED", "detail": "Local draft payload written; no account or delivery used."}
{"timestamp": "2026-10-01T17:49:45.011893+00:00", "record_id": "C005", "channel": "whatsapp", "result": "SIMULATED_ONLY", "detail": "WhatsApp draft payload only; no WhatsApp API call or delivery."}
{"timestamp": "2026-10-01T17:49:45.011893+00:00", "record_id": "C006", "channel": "email", "result": "DRAFT_PREPARED", "detail": "Local draft payload written; no account or delivery used."}
{"timestamp": "2026-10-01T17:49:45.011893+00:00", "record_id": "C006", "channel": "whatsapp", "result": "SIMULATED_ONLY", "detail": "WhatsApp draft payload only; no WhatsApp API call or delivery."}
{"timestamp": "2026-10-01T17:49:45.011893+00:00", "record_id": "C007", "channel": "email", "result": "DRAFT_PREPARED", "detail": "Local draft payload written; no account or delivery used."}
{"timestamp": "2026-10-01T17:49:45.011893+00:00", "record_id": "C007", "channel": "whatsapp", "result": "SIMULATED_ONLY", "detail": "WhatsApp draft payload only; no WhatsApp API call or delivery."}
{"timestamp": "2026-10-01T17:49:45.011893+00:00", "record_id": "C008", "channel": "email", "result": "DRAFT_PREPARED", "detail": "Local draft payload written; no account or delivery used."}
{"timestamp": "2026-10-01T17:49:45.011893+00:00", "record_id": "C008", "channel": "whatsapp", "result": "SIMULATED_ONLY", "detail": "WhatsApp draft payload only; no WhatsApp API call or delivery."}
{"timestamp": "2026-10-01T17:49:45.011893+00:00", "record_id": "C009", "channel": "email", "result": "DRAFT_PREPARED", "detail": "Local draft payload written; no account or delivery used."}
{"timestamp": "2026-10-01T17:49:45.011893+00:00", "record_id": "C009", "channel": "whatsapp", "result": "SIMULATED_ONLY", "detail": "WhatsApp draft payload only; no WhatsApp API call or delivery."}
{"timestamp": "2026-10-01T17:49:45.011893+00:00", "record_id": "C010", "channel": "email", "result": "DRAFT_PREPARED", "detail": "Local draft payload written; no account or delivery used."}
{"timestamp": "2026-10-01T17:49:45.011893+00:00", "record_id": "C010", "channel": "whatsapp", "result": "SIMULATED_ONLY", "detail": "WhatsApp draft payload only; no WhatsApp API call or delivery."}
{"timestamp": "2026-10-01T17:49:45.053893+00:00", "record_id": "C001", "channel": "email", "result": "DUPLICATE_BLOCKED", "detail": "Prior attempt exists; no retry."}
{"timestamp": "2026-10-01T17:49:45.053893+00:00", "record_id": "C001", "channel": "whatsapp", "result": "DUPLICATE_BLOCKED", "detail": "Prior attempt exists; no retry."}
{"timestamp": "2026-10-01T17:49:45.053893+00:00", "record_id": "C002", "channel": "email", "result": "DUPLICATE_BLOCKED", "detail": "Prior attempt exists; no retry."}
{"timestamp": "2026-10-01T17:49:45.053893+00:00", "record_id": "C002", "channel": "whatsapp", "result": "DUPLICATE_BLOCKED", "detail": "Prior attempt exists; no retry."}
{"timestamp": "2026-10-01T17:49:45.053893+00:00", "record_id": "C003", "channel": "email", "result": "DUPLICATE_BLOCKED", "detail": "Prior attempt exists; no retry."}
{"timestamp": "2026-10-01T17:49:45.053893+00:00", "record_id": "C003", "channel": "whatsapp", "result": "DUPLICATE_BLOCKED", "detail": "Prior attempt exists; no retry."}
{"timestamp": "2026-10-01T17:49:45.053893+00:00", "record_id": "C004", "channel": "email", "result": "DUPLICATE_BLOCKED", "detail": "Prior attempt exists; no retry."}
{"timestamp": "2026-10-01T17:49:45.053893+00:00", "record_id": "C004", "channel": "whatsapp", "result": "DUPLICATE_BLOCKED", "detail": "Prior attempt exists; no retry."}
{"timestamp": "2026-10-01T17:49:45.053893+00:00", "record_id": "C005", "channel": "email", "result": "DUPLICATE_BLOCKED", "detail": "Prior attempt exists; no retry."}
{"timestamp": "2026-10-01T17:49:45.053893+00:00", "record_id": "C005", "channel": "whatsapp", "result": "DUPLICATE_BLOCKED", "detail": "Prior attempt exists; no retry."}
{"timestamp": "2026-10-01T17:49:45.053893+00:00", "record_id": "C006", "channel": "email", "result": "DUPLICATE_BLOCKED", "detail": "Prior attempt exists; no retry."}
{"timestamp": "2026-10-01T17:49:45.053893+00:00", "record_id": "C006", "channel": "whatsapp", "result": "DUPLICATE_BLOCKED", "detail": "Prior attempt exists; no retry."}
{"timestamp": "2026-10-01T17:49:45.053893+00:00", "record_id": "C007", "channel": "email", "result": "DUPLICATE_BLOCKED", "detail": "Prior attempt exists; no retry."}
{"timestamp": "2026-10-01T17:49:45.053893+00:00", "record_id": "C007", "channel": "whatsapp", "result": "DUPLICATE_BLOCKED", "detail": "Prior attempt exists; no retry."}
{"timestamp": "2026-10-01T17:49:45.053893+00:00", "record_id": "C008", "channel": "email", "result": "DUPLICATE_BLOCKED", "detail": "Prior attempt exists; no retry."}
{"timestamp": "2026-10-01T17:49:45.053893+00:00", "record_id": "C008", "channel": "whatsapp", "result": "DUPLICATE_BLOCKED", "detail": "Prior attempt exists; no retry."}
{"timestamp": "2026-10-01T17:49:45.053893+00:00", "record_id": "C009", "channel": "email", "result": "DUPLICATE_BLOCKED", "detail": "Prior attempt exists; no retry."}
{"timestamp": "2026-10-01T17:49:45.053893+00:00", "record_id": "C009", "channel": "whatsapp", "result": "DUPLICATE_BLOCKED", "detail": "Prior attempt exists; no retry."}
{"timestamp": "2026-10-01T17:49:45.053893+00:00", "record_id": "C010", "channel": "email", "result": "DUPLICATE_BLOCKED", "detail": "Prior attempt exists; no retry."}
{"timestamp": "2026-10-01T17:49:45.053893+00:00", "record_id": "C010", "channel": "whatsapp", "result": "DUPLICATE_BLOCKED", "detail": "Prior attempt exists; no retry."}
{"timestamp": "2026-10-02T02:45:02.173745+00:00", "record_id": "C001", "channel": "email", "result": "DRAFT_PREPARED", "detail": "Local draft payload written; no account or delivery used."}
{"timestamp": "2026-10-02T02:45:02.173745+00:00", "record_id": "C001", "channel": "whatsapp", "result": "DUPLICATE_BLOCKED", "detail": "Prior attempt exists; no retry."}
{"timestamp": "2026-10-02T02:45:02.173745+00:00", "record_id": "C002", "channel": "email", "result": "DRAFT_PREPARED", "detail": "Local draft payload written; no account or delivery used."}
{"timestamp": "2026-10-02T02:45:02.173745+00:00", "record_id": "C002", "channel": "whatsapp", "result": "DUPLICATE_BLOCKED", "detail": "Prior attempt exists; no retry."}
{"timestamp": "2026-10-02T02:45:02.173745+00:00", "record_id": "C003", "channel": "email", "result": "DRAFT_PREPARED", "detail": "Local draft payload written; no account or delivery used."}
{"timestamp": "2026-10-02T02:45:02.173745+00:00", "record_id": "C003", "channel": "whatsapp", "result": "DUPLICATE_BLOCKED", "detail": "Prior attempt exists; no retry."}
{"timestamp": "2026-10-02T02:45:02.173745+00:00", "record_id": "C004", "channel": "email", "result": "DRAFT_PREPARED", "detail": "Local draft payload written; no account or delivery used."}
{"timestamp": "2026-10-02T02:45:02.173745+00:00", "record_id": "C004", "channel": "whatsapp", "result": "DUPLICATE_BLOCKED", "detail": "Prior attempt exists; no retry."}
{"timestamp": "2026-10-02T02:45:02.173745+00:00", "record_id": "C005", "channel": "email", "result": "DRAFT_PREPARED", "detail": "Local draft payload written; no account or delivery used."}
{"timestamp": "2026-10-02T02:45:02.173745+00:00", "record_id": "C005", "channel": "whatsapp", "result": "DUPLICATE_BLOCKED", "detail": "Prior attempt exists; no retry."}
{"timestamp": "2026-10-02T02:45:02.173745+00:00", "record_id": "C006", "channel": "email", "result": "DRAFT_PREPARED", "detail": "Local draft payload written; no account or delivery used."}
{"timestamp": "2026-10-02T02:45:02.173745+00:00", "record_id": "C006", "channel": "whatsapp", "result": "DUPLICATE_BLOCKED", "detail": "Prior attempt exists; no retry."}
{"timestamp": "2026-10-02T02:45:02.173745+00:00", "record_id": "C007", "channel": "email", "result": "DRAFT_PREPARED", "detail": "Local draft payload written; no account or delivery used."}
{"timestamp": "2026-10-02T02:45:02.173745+00:00", "record_id": "C007", "channel": "whatsapp", "result": "DUPLICATE_BLOCKED", "detail": "Prior attempt exists; no retry."}
{"timestamp": "2026-10-02T02:45:02.173745+00:00", "record_id": "C008", "channel": "email", "result": "DRAFT_PREPARED", "detail": "Local draft payload written; no account or delivery used."}
{"timestamp": "2026-10-02T02:45:02.173745+00:00", "record_id": "C008", "channel": "whatsapp", "result": "DUPLICATE_BLOCKED", "detail": "Prior attempt exists; no retry."}
{"timestamp": "2026-10-02T02:45:02.173745+00:00", "record_id": "C009", "channel": "email", "result": "DRAFT_PREPARED", "detail": "Local draft payload written; no account or delivery used."}
{"timestamp": "2026-10-02T02:45:02.173745+00:00", "record_id": "C009", "channel": "whatsapp", "result": "DUPLICATE_BLOCKED", "detail": "Prior attempt exists; no retry."}
{"timestamp": "2026-10-02T02:45:02.173745+00:00", "record_id": "C010", "channel": "email", "result": "DRAFT_PREPARED", "detail": "Local draft payload written; no account or delivery used."}
{"timestamp": "2026-10-02T02:45:02.173745+00:00", "record_id": "C010", "channel": "whatsapp", "result": "DUPLICATE_BLOCKED", "detail": "Prior attempt exists; no retry."}
{"timestamp": "2026-10-02T02:45:08.139666+00:00", "record_id": "C001", "channel": "email", "result": "DUPLICATE_BLOCKED", "detail": "Prior attempt exists; no retry."}
{"timestamp": "2026-10-02T02:45:08.139666+00:00", "record_id": "C001", "channel": "whatsapp", "result": "DUPLICATE_BLOCKED", "detail": "Prior attempt exists; no retry."}
{"timestamp": "2026-10-02T02:45:08.139666+00:00", "record_id": "C002", "channel": "email", "result": "DUPLICATE_BLOCKED", "detail": "Prior attempt exists; no retry."}
{"timestamp": "2026-10-02T02:45:08.139666+00:00", "record_id": "C002", "channel": "whatsapp", "result": "DUPLICATE_BLOCKED", "detail": "Prior attempt exists; no retry."}
{"timestamp": "2026-10-02T02:45:08.139666+00:00", "record_id": "C003", "channel": "email", "result": "DUPLICATE_BLOCKED", "detail": "Prior attempt exists; no retry."}
{"timestamp": "2026-10-02T02:45:08.139666+00:00", "record_id": "C003", "channel": "whatsapp", "result": "DUPLICATE_BLOCKED", "detail": "Prior attempt exists; no retry."}
{"timestamp": "2026-10-02T02:45:08.139666+00:00", "record_id": "C004", "channel": "email", "result": "DUPLICATE_BLOCKED", "detail": "Prior attempt exists; no retry."}
{"timestamp": "2026-10-02T02:45:08.139666+00:00", "record_id": "C004", "channel": "whatsapp", "result": "DUPLICATE_BLOCKED", "detail": "Prior attempt exists; no retry."}
{"timestamp": "2026-10-02T02:45:08.139666+00:00", "record_id": "C005", "channel": "email", "result": "DUPLICATE_BLOCKED", "detail": "Prior attempt exists; no retry."}
{"timestamp": "2026-10-02T02:45:08.139666+00:00", "record_id": "C005", "channel": "whatsapp", "result": "DUPLICATE_BLOCKED", "detail": "Prior attempt exists; no retry."}
{"timestamp": "2026-10-02T02:45:08.139666+00:00", "record_id": "C006", "channel": "email", "result": "DUPLICATE_BLOCKED", "detail": "Prior attempt exists; no retry."}
{"timestamp": "2026-10-02T02:45:08.139666+00:00", "record_id": "C006", "channel": "whatsapp", "result": "DUPLICATE_BLOCKED", "detail": "Prior attempt exists; no retry."}
{"timestamp": "2026-10-02T02:45:08.139666+00:00", "record_id": "C007", "channel": "email", "result": "DUPLICATE_BLOCKED", "detail": "Prior attempt exists; no retry."}
{"timestamp": "2026-10-02T02:45:08.139666+00:00", "record_id": "C007", "channel": "whatsapp", "result": "DUPLICATE_BLOCKED", "detail": "Prior attempt exists; no retry."}
{"timestamp": "2026-10-02T02:45:08.139666+00:00", "record_id": "C008", "channel": "email", "result": "DUPLICATE_BLOCKED", "detail": "Prior attempt exists; no retry."}
{"timestamp": "2026-10-02T02:45:08.139666+00:00", "record_id": "C008", "channel": "whatsapp", "result": "DUPLICATE_BLOCKED", "detail": "Prior attempt exists; no retry."}
{"timestamp": "2026-10-02T02:45:08.139666+00:00", "record_id": "C009", "channel": "email", "result": "DUPLICATE_BLOCKED", "detail": "Prior attempt exists; no retry."}
{"timestamp": "2026-10-02T02:45:08.139666+00:00", "record_id": "C009", "channel": "whatsapp", "result": "DUPLICATE_BLOCKED", "detail": "Prior attempt exists; no retry."}
{"timestamp": "2026-10-02T02:45:08.139666+00:00", "record_id": "C010", "channel": "email", "result": "DUPLICATE_BLOCKED", "detail": "Prior attempt exists; no retry."}
{"timestamp": "2026-10-02T02:45:08.139666+00:00", "record_id": "C010", "channel": "whatsapp", "result": "DUPLICATE_BLOCKED", "detail": "Prior attempt exists; no retry."}
{"timestamp": "2026-10-02T02:54:18.092244+00:00", "record_id": "C001", "channel": "email", "result": "API_ACCEPTED", "detail": "http_status=200; response=SMTP 250 Message accepted for delivery via Gmail SMTP"}
{"timestamp": "2026-10-02T02:54:47.174851+00:00", "record_id": "C001", "channel": "email", "result": "DUPLICATE_BLOCKED", "detail": "Prior attempt exists; no retry."}
